\BOOKMARK [0][-]{chapter.1}{\376\377\000S\000e\000g\000m\000e\000n\000t\000a\000t\000i\000o\000n\000\040\000d\000'\000I\000m\000a\000g\000e\000s\000\040\000Q\000u\000a\000n\000t\000i\000q\000u\000e\000s\000\040\000p\000a\000r\000\040\000S\000o\000u\000s\000t\000r\000a\000c\000t\000i\000o\000n\000\040\000d\000e\000\040\000F\000o\000n\000d}{}% 1
\BOOKMARK [1][-]{section.1.1}{\376\377\000S\000o\000u\000s\000t\000r\000a\000c\000t\000i\000o\000n\000\040\000d\000e\000\040\000F\000o\000n\000d\000\040\000C\000l\000a\000s\000s\000i\000q\000u\000e}{chapter.1}% 2
\BOOKMARK [2][-]{subsection.1.1.1}{\376\377\000P\000r\000i\000n\000c\000i\000p\000e\000\040\000d\000e\000\040\000l\000'\000A\000l\000g\000o\000r\000i\000t\000h\000m\000e}{section.1.1}% 3
\BOOKMARK [2][-]{subsection.1.1.2}{\376\377\000E\000x\000e\000m\000p\000l\000e\000\040\000:\000\040\000C\000o\000m\000m\000e\000n\000t\000\040\000\347\000a\000\040\000M\000a\000r\000c\000h\000e\000\040\000s\000u\000r\000\040\000u\000n\000e\000\040\000I\000m\000a\000g\000e}{section.1.1}% 4
\BOOKMARK [2][-]{subsection.1.1.3}{\376\377\000R\000\351\000s\000u\000l\000t\000a\000t\000s\000\040\000C\000l\000a\000s\000s\000i\000q\000u\000e\000s\000\040\000\050\0007\000\040\000J\000e\000u\000x\000\040\000d\000e\000\040\000D\000o\000n\000n\000\351\000e\000s\000\051}{section.1.1}% 5
\BOOKMARK [1][-]{section.1.2}{\376\377\000R\000e\000p\000r\000\351\000s\000e\000n\000t\000a\000t\000i\000o\000n\000\040\000Q\000u\000a\000n\000t\000i\000q\000u\000e\000\040\000N\000E\000Q\000R}{chapter.1}% 6
\BOOKMARK [2][-]{subsection.1.2.1}{\376\377\000P\000e\000r\000f\000o\000r\000m\000a\000n\000c\000e\000\040\000N\000E\000Q\000R}{section.1.2}% 7
\BOOKMARK [1][-]{section.1.3}{\376\377\000R\000e\000p\000r\000\351\000s\000e\000n\000t\000a\000t\000i\000o\000n\000\040\000Q\000u\000a\000n\000t\000i\000q\000u\000e\000\040\000F\000R\000Q\000I}{chapter.1}% 8
\BOOKMARK [2][-]{subsection.1.3.1}{\376\377\000P\000e\000r\000f\000o\000r\000m\000a\000n\000c\000e\000\040\000F\000R\000Q\000I}{section.1.3}% 9
\BOOKMARK [1][-]{section.1.4}{\376\377\000C\000o\000m\000p\000a\000r\000a\000i\000s\000o\000n\000\040\000D\000i\000r\000e\000c\000t\000e\000\040\000N\000E\000Q\000R\000\040\000v\000s\000\040\000F\000R\000Q\000I}{chapter.1}% 10
\BOOKMARK [2][-]{subsection.1.4.1}{\376\377\000R\000\351\000s\000u\000l\000t\000a\000t\000s\000\040\000T\000\352\000t\000e\000-\000\340\000-\000T\000\352\000t\000e}{section.1.4}% 11
\BOOKMARK [2][-]{subsection.1.4.2}{\376\377\000C\000o\000m\000p\000r\000o\000m\000i\000s\000\040\000d\000e\000\040\000P\000e\000r\000f\000o\000r\000m\000a\000n\000c\000e}{section.1.4}% 12
\BOOKMARK [2][-]{subsection.1.4.3}{\376\377\000P\000o\000u\000r\000q\000u\000o\000i\000\040\000N\000E\000Q\000R\000\040\000G\000a\000g\000n\000e\000\040\000p\000o\000u\000r\000\040\000C\000e\000t\000t\000e\000\040\000A\000p\000p\000l\000i\000c\000a\000t\000i\000o\000n}{section.1.4}% 13
\BOOKMARK [1][-]{section.1.5}{\376\377\000A\000l\000g\000o\000r\000i\000t\000h\000m\000e\000\040\000Q\000u\000a\000n\000t\000u\000m\000\040\000B\000a\000c\000k\000g\000r\000o\000u\000n\000d\000\040\000D\000i\000f\000f\000e\000r\000e\000n\000c\000e\000\040\000\050\000Q\000B\000G\000D\000\051}{chapter.1}% 14
\BOOKMARK [2][-]{subsection.1.5.1}{\376\377\000Q\000u\000'\000e\000s\000t\000-\000c\000e\000\040\000q\000u\000e\000\040\000Q\000B\000G\000D\000\040\000?}{section.1.5}% 15
\BOOKMARK [2][-]{subsection.1.5.2}{\376\377\000C\000o\000m\000m\000e\000n\000t\000\040\000Q\000B\000G\000D\000\040\000M\000a\000r\000c\000h\000e\000\040\000s\000u\000r\000\040\000u\000n\000e\000\040\000I\000m\000a\000g\000e\000\040\000\050\000C\000o\000n\000c\000e\000p\000t\000u\000e\000l\000l\000e\000m\000e\000n\000t\000\051}{section.1.5}% 16
\BOOKMARK [2][-]{subsection.1.5.3}{\376\377\000I\000m\000p\000l\000\351\000m\000e\000n\000t\000a\000t\000i\000o\000n\000\040\000N\000E\000Q\000R\000\040\000+\000\040\000Q\000B\000G\000D}{section.1.5}% 17
\BOOKMARK [2][-]{subsection.1.5.4}{\376\377\000R\000\351\000s\000u\000l\000t\000a\000t\000s\000\040\000N\000E\000Q\000R\000\040\000+\000\040\000Q\000B\000G\000D\000\040\000\050\000C\000e\000\040\000Q\000u\000i\000\040\000S\000'\000e\000s\000t\000\040\000R\000\351\000e\000l\000l\000e\000m\000e\000n\000t\000\040\000P\000r\000o\000d\000u\000i\000t\000\051}{section.1.5}% 18
\BOOKMARK [2][-]{subsection.1.5.5}{\376\377\000Q\000u\000a\000l\000i\000t\000\351\000\040\000S\000e\000g\000m\000e\000n\000t\000a\000t\000i\000o\000n}{section.1.5}% 19
\BOOKMARK [2][-]{subsection.1.5.6}{\376\377\000P\000o\000u\000r\000q\000u\000o\000i\000\040\000Q\000B\000G\000D\000\040\000a\000\040\000\311\000c\000h\000o\000u\000\351\000\040\000p\000o\000u\000r\000\040\000S\000e\000g\000m\000e\000n\000t\000a\000t\000i\000o\000n}{section.1.5}% 20
\BOOKMARK [1][-]{section.1.6}{\376\377\000I\000m\000p\000l\000\351\000m\000e\000n\000t\000a\000t\000i\000o\000n\000\040\000F\000R\000Q\000I\000\040\000+\000\040\000Q\000B\000G\000D}{chapter.1}% 21
\BOOKMARK [2][-]{subsection.1.6.1}{\376\377\000R\000\351\000s\000u\000l\000t\000a\000t\000s\000\040\000e\000t\000\040\000O\000b\000s\000e\000r\000v\000a\000t\000i\000o\000n\000s}{section.1.6}% 22
\BOOKMARK [1][-]{section.1.7}{\376\377\000C\000o\000m\000p\000a\000r\000a\000i\000s\000o\000n\000\040\000C\000o\000m\000p\000l\000\350\000t\000e\000\040\000:\000\040\000T\000o\000u\000t\000e\000s\000\040\000l\000e\000s\000\040\000M\000\351\000t\000h\000o\000d\000e\000s}{chapter.1}% 23
\BOOKMARK [2][-]{subsection.1.7.1}{\376\377\000T\000a\000b\000l\000e\000a\000u\000\040\000d\000e\000\040\000P\000e\000r\000f\000o\000r\000m\000a\000n\000c\000e\000\040\000G\000l\000o\000b\000a\000l\000e}{section.1.7}% 24
\BOOKMARK [2][-]{subsection.1.7.2}{\376\377\000G\000a\000g\000n\000a\000n\000t\000\040\000p\000a\000r\000\040\000C\000a\000t\000\351\000g\000o\000r\000i\000e}{section.1.7}% 25
\BOOKMARK [1][-]{section.1.8}{\376\377\000A\000n\000a\000l\000y\000s\000e\000\040\000C\000r\000i\000t\000i\000q\000u\000e}{chapter.1}% 26
\BOOKMARK [1][-]{section.1.9}{\376\377\000C\000o\000n\000c\000l\000u\000s\000i\000o\000n\000s}{chapter.1}% 27
